../Core/Src/main.c:29:5:main	8	static
../Core/Src/main.c:62:6:SystemClock_Config_HSE	96	static
../Core/Src/main.c:151:6:CAN1_Init	8	static
../Core/Src/main.c:176:6:CAN1_Tx	96	static
../Core/Src/main.c:200:6:CAN1_Rx	96	static
../Core/Src/main.c:221:6:CAN_Filter_Config	48	static
../Core/Src/main.c:244:6:GPIO_Init	32	static
../Core/Src/main.c:256:6:UART2_Init	8	static
../Core/Src/main.c:275:6:HAL_CAN_TxMailbox0CompleteCallback	72	static
../Core/Src/main.c:283:6:HAL_CAN_TxMailbox1CompleteCallback	72	static
../Core/Src/main.c:292:6:HAL_CAN_TxMailbox2CompleteCallback	72	static
../Core/Src/main.c:300:6:HAL_CAN_RxFifo0MsgPendingCallback	104	static
../Core/Src/main.c:321:6:HAL_CAN_ErrorCallback	72	static
../Core/Src/main.c:330:6:Error_handler	4	static
