../Core/Src/stm32f4xx_it.c:78:6:NMI_Handler	4	static
../Core/Src/stm32f4xx_it.c:93:6:HardFault_Handler	4	static
../Core/Src/stm32f4xx_it.c:108:6:MemManage_Handler	4	static
../Core/Src/stm32f4xx_it.c:123:6:BusFault_Handler	4	static
../Core/Src/stm32f4xx_it.c:138:6:UsageFault_Handler	4	static
../Core/Src/stm32f4xx_it.c:153:6:SVC_Handler	4	static
../Core/Src/stm32f4xx_it.c:166:6:DebugMon_Handler	4	static
../Core/Src/stm32f4xx_it.c:179:6:PendSV_Handler	4	static
../Core/Src/stm32f4xx_it.c:192:6:SysTick_Handler	8	static
../Core/Src/stm32f4xx_it.c:214:6:CAN1_TX_IRQHandler	8	static
../Core/Src/stm32f4xx_it.c:228:6:CAN1_RX0_IRQHandler	8	static
../Core/Src/stm32f4xx_it.c:242:6:CAN1_RX1_IRQHandler	8	static
../Core/Src/stm32f4xx_it.c:256:6:CAN1_SCE_IRQHandler	8	static
../Core/Src/stm32f4xx_it.c:270:6:TIM2_IRQHandler	8	static
../Core/Src/stm32f4xx_it.c:284:6:OTG_FS_IRQHandler	8	static
../Core/Src/stm32f4xx_it.c:297:6:EXTI15_10_IRQHandler	8	static
