21:08:28 **** Incremental Build of configuration Debug for project f103_1 ****
make -j12 all 
arm-none-eabi-gcc "../Core/Src/main.c" -mcpu=cortex-m3 -std=gnu11 -g3 -DDEBUG -DUSE_HAL_DRIVER -DSTM32F103xB -c -I../Core/Inc -I../Drivers/STM32F1xx_HAL_Driver/Inc/Legacy -I../Drivers/STM32F1xx_HAL_Driver/Inc -I../Drivers/CMSIS/Device/ST/STM32F1xx/Include -I../Drivers/CMSIS/Include -O0 -ffunction-sections -fdata-sections -Wall -fstack-usage -fcyclomatic-complexity -MMD -MP -MF"Core/Src/main.d" -MT"Core/Src/main.o" --specs=nano.specs -mfloat-abi=soft -mthumb -o "Core/Src/main.o"
arm-none-eabi-gcc -o "f103_1.elf" @"objects.list"   -mcpu=cortex-m3 -T"C:\MCU2\My_workspace\f103_1\STM32F103C8TX_FLASH.ld" --specs=nosys.specs -Wl,-Map="f103_1.map" -Wl,--gc-sections -static --specs=nano.specs -mfloat-abi=soft -mthumb -Wl,--start-group -lc -lm -Wl,--end-group
Finished building target: f103_1.elf
 
arm-none-eabi-size  f103_1.elf 
arm-none-eabi-objdump -h -S f103_1.elf  > "f103_1.list"
arm-none-eabi-objcopy  -O ihex f103_1.elf  "f103_1.hex"
   text	   data	    bss	    dec	    hex	filename
  12976	     20	   1772	  14768	   39b0	f103_1.elf
arm-none-eabi-objcopy  -O binary f103_1.elf  "f103_1.bin"
Finished building: default.size.stdout
 
Finished building: f103_1.bin
Finished building: f103_1.hex
 
 
Finished building: f103_1.list
 

21:08:30 Build Finished. 0 errors, 0 warnings. (took 1s.930ms)

