14:20:45 **** Build of configuration Debug for project f103_2 ****
make -j12 all 
arm-none-eabi-gcc "../Core/Src/main.c" -mcpu=cortex-m3 -std=gnu11 -g3 -DDEBUG -DUSE_HAL_DRIVER -DSTM32F103xB -c -I../Core/Inc -I../Drivers/STM32F1xx_HAL_Driver/Inc/Legacy -I../Drivers/STM32F1xx_HAL_Driver/Inc -I../Drivers/CMSIS/Device/ST/STM32F1xx/Include -I../Drivers/CMSIS/Include -O0 -ffunction-sections -fdata-sections -Wall -fstack-usage -fcyclomatic-complexity -MMD -MP -MF"Core/Src/main.d" -MT"Core/Src/main.o" --specs=nano.specs -mfloat-abi=soft -mthumb -o "Core/Src/main.o"
arm-none-eabi-gcc -o "f103_2.elf" @"objects.list"   -mcpu=cortex-m3 -T"C:\MCU2\My_workspace\f103_2\STM32F103C8TX_FLASH.ld" --specs=nosys.specs -Wl,-Map="f103_2.map" -Wl,--gc-sections -static --specs=nano.specs -mfloat-abi=soft -mthumb -Wl,--start-group -lc -lm -Wl,--end-group
Finished building target: f103_2.elf
 
arm-none-eabi-size  f103_2.elf 
arm-none-eabi-objdump -h -S f103_2.elf  > "f103_2.list"
   text	   data	    bss	    dec	    hex	filename
  13680	     20	   1804	  15504	   3c90	f103_2.elf
arm-none-eabi-objcopy  -O ihex f103_2.elf  "f103_2.hex"
Finished building: default.size.stdout
arm-none-eabi-objcopy  -O binary f103_2.elf  "f103_2.bin"
 
Finished building: f103_2.hex
Finished building: f103_2.bin
 
 
Finished building: f103_2.list
 

14:20:47 Build Finished. 0 errors, 0 warnings. (took 1s.816ms)

