11:43:32 **** Incremental Build of configuration Debug for project CAN_Normal_Mode ****
make -j12 all 
arm-none-eabi-gcc "../Core/Src/main.c" -mcpu=cortex-m4 -std=gnu11 -g3 -DDEBUG -DUSE_HAL_DRIVER -DSTM32F407xx -c -I../USB_HOST/App -I../USB_HOST/Target -I../Core/Inc -I../Drivers/STM32F4xx_HAL_Driver/Inc -I../Drivers/STM32F4xx_HAL_Driver/Inc/Legacy -I../Middlewares/ST/STM32_USB_Host_Library/Core/Inc -I../Middlewares/ST/STM32_USB_Host_Library/Class/CDC/Inc -I../Drivers/CMSIS/Device/ST/STM32F4xx/Include -I../Drivers/CMSIS/Include -O0 -ffunction-sections -fdata-sections -Wall -fstack-usage -fcyclomatic-complexity -MMD -MP -MF"Core/Src/main.d" -MT"Core/Src/main.o" --specs=nano.specs -mfpu=fpv4-sp-d16 -mfloat-abi=hard -mthumb -o "Core/Src/main.o"
arm-none-eabi-gcc -o "CAN_Normal_Mode.elf" @"objects.list"   -mcpu=cortex-m4 -T"C:\MCU2\My_workspace\CAN_Normal_Mode\STM32F407VGTX_FLASH.ld" --specs=nosys.specs -Wl,-Map="CAN_Normal_Mode.map" -Wl,--gc-sections -static --specs=nano.specs -mfpu=fpv4-sp-d16 -mfloat-abi=hard -mthumb -Wl,--start-group -lc -lm -Wl,--end-group
Finished building target: CAN_Normal_Mode.elf
 
arm-none-eabi-size  CAN_Normal_Mode.elf 
arm-none-eabi-objdump -h -S CAN_Normal_Mode.elf  > "CAN_Normal_Mode.list"
arm-none-eabi-objcopy  -O ihex CAN_Normal_Mode.elf  "CAN_Normal_Mode.hex"
   text	   data	    bss	    dec	    hex	filename
  47408	    124	   4236	  51768	   ca38	CAN_Normal_Mode.elf
arm-none-eabi-objcopy  -O binary CAN_Normal_Mode.elf  "CAN_Normal_Mode.bin"
Finished building: default.size.stdout
 
Finished building: CAN_Normal_Mode.bin
Finished building: CAN_Normal_Mode.hex
 
 
Finished building: CAN_Normal_Mode.list
 
11:44:06 **** Incremental Build of configuration Debug for project CAN_Normal_Mode ****
make -j12 all 
arm-none-eabi-size  CAN_Normal_Mode.elf 
   text	   data	    bss	    dec	    hex	filename
  47408	    124	   4236	  51768	   ca38	CAN_Normal_Mode.elf
Finished building: default.size.stdout
 
